// Jest Snapshot v1, https://goo.gl/fbAQLP

exports[`The PopGenre component should render correctly 1`] = `
<DocumentFragment>
  <div
    data-testid="123"
  >
    <div>
      pop
    </div>
    <div />
  </div>
</DocumentFragment>
`;
