// Jest Snapshot v1, https://goo.gl/fbAQLP

exports[`The RockGenre component should render correctly 1`] = `
<DocumentFragment>
  <div>
    <div>
      rock
    </div>
    <div />
  </div>
</DocumentFragment>
`;
