// Jest Snapshot v1, https://goo.gl/fbAQLP

exports[`The GenresPage component should render correctly 1`] = `
<DocumentFragment>
  <div
    data-testid="123"
  />
</DocumentFragment>
`;
